// Jest Snapshot v1, https://goo.gl/fbAQLP

exports[`DrawerSection Renders 1`] = `
<View
  style={
    Array [
      undefined,
      Object {
        "paddingHorizontal": 8,
      },
    ]
  }
>
  <View
    style={
      Object {
        "paddingBottom": 8,
        "paddingTop": 14,
      }
    }
  />
</View>
`;
