// Jest Snapshot v1, https://goo.gl/fbAQLP

exports[`DrawerSection Renders 1`] = `
<View>
  <View
    style={
      Object {
        "paddingBottom": 8,
        "paddingHorizontal": 8,
        "paddingTop": 14,
      }
    }
  />
</View>
`;
