// Jest Snapshot v1, https://goo.gl/fbAQLP

exports[`DialogActions Renders 1`] = `
<View
  style={
    Object {
      "flexDirection": "row",
      "justifyContent": "flex-end",
      "marginBottom": 8,
      "paddingHorizontal": 8,
    }
  }
/>
`;
