// Jest Snapshot v1, https://goo.gl/fbAQLP

exports[`ProgressCircle Renders 1`] = `
<View>
  <View
    style={
      Object {
        "height": 48,
        "transform": Array [
          Object {
            "rotate": "45deg",
          },
        ],
        "width": 48,
      }
    }
    useNativeDriver={false}
  >
    <View
      collapsable={false}
      style={
        Object {
          "height": 24,
          "overflow": "hidden",
          "width": 48,
        }
      }
      useNativeDriver={false}
    >
      <View
        style={
          Object {
            "height": 48,
            "transform": Array [
              Object {
                "rotate": "-165deg",
              },
            ],
            "width": 48,
          }
        }
        useNativeDriver={false}
      >
        <View
          collapsable={false}
          style={
            Object {
              "height": 24,
              "overflow": "hidden",
              "width": 48,
            }
          }
          useNativeDriver={false}
        >
          <View
            style={
              Object {
                "borderColor": "rgb(0, 0, 0)",
                "borderRadius": 24,
                "borderWidth": 4.8,
                "height": 48,
                "width": 48,
              }
            }
            useNativeDriver={false}
          />
        </View>
      </View>
    </View>
  </View>
</View>
`;
