// Jest Snapshot v1, https://goo.gl/fbAQLP

exports[`renders correctly 1`] = `
<Text
  style={
    Object {
      "color": "rgba(0, 0, 0, 0.87)",
    }
  }
>
  Text
</Text>
`;
