// Jest Snapshot v1, https://goo.gl/fbAQLP

exports[`CardMedia Renders 1`] = `
<View
  style={
    Array [
      Object {
        "alignItems": "center",
        "justifyContent": "center",
        "overflow": "hidden",
        "position": "relative",
        "width": "100%",
      },
      Object {
        "height": 155,
      },
      undefined,
    ]
  }
>
  <View
    style={
      Object {
        "bottom": 24,
        "left": 24,
        "position": "absolute",
      }
    }
  />
</View>
`;
