// Jest Snapshot v1, https://goo.gl/fbAQLP

exports[`renders correctly 1`] = `
<View
  style={
    Object {
      "alignItems": "center",
      "backgroundColor": "#fff",
      "flex": 1,
      "justifyContent": "center",
    }
  }
>
  <Text
    style={
      Object {
        "color": "rgba(0, 0, 0, 0.87)",
        "fontSize": 96,
        "fontWeight": "300",
        "letterSpacing": -1.5,
        "lineHeight": 96,
      }
    }
    typographyStyles={
      Object {
        "fontSize": 96,
        "fontWeight": "300",
        "letterSpacing": -1.5,
        "lineHeight": 96,
      }
    }
  >
    Open up App.js to start working on your app!
  </Text>
</View>
`;
