// Jest Snapshot v1, https://goo.gl/fbAQLP

exports[`CardContent Renders 1`] = `
<View
  style={
    Array [
      Object {
        "color": "#000000",
        "fontSize": 16,
        "letterSpacing": 0.44,
        "lineHeight": 24,
        "padding": 24,
      },
      undefined,
    ]
  }
/>
`;
