// Jest Snapshot v1, https://goo.gl/fbAQLP

exports[`Divider Renders 1`] = `
<View
  style={
    Array [
      Object {
        "backgroundColor": "black",
        "height": 0.5,
        "marginVertical": 16,
        "opacity": 0.12,
        "width": "100%",
      },
      Object {
        "marginVertical": 8,
      },
      undefined,
    ]
  }
/>
`;
