// Jest Snapshot v1, https://goo.gl/fbAQLP

exports[`DialogContentText Renders 1`] = `
<Text
  style={
    Object {
      "color": "rgba(0, 0, 0, 0.54)",
      "fontSize": 16,
      "fontWeight": "400",
      "lineHeight": 24,
      "marginBottom": 24,
      "paddingHorizontal": 24,
    }
  }
/>
`;
